Current custom config:

 {
    "train_file_graphs": "data/train.json",
    "val_file_graphs": "data/val.json",
    "test_file_graphs": "data/test.json",
    "test_ignore_edge_dep": [
        "root",
        "-"
    ],
    "shuffle": {
        "train": 0,
        "val": 0,
        "test": 0
    },
    "only_use_biggest_graph": 0,
    "augment_splits": {
        "train": 1,
        "val": 0,
        "test": 0
    },
    "augment_k": {
        "train": 1,
        "val": 1,
        "test": 1
    },
    "keep_og": 0,
    "rep_mode": "words",
    "use_bert_positional_embeddings": 1,
    "use_tagger_lstm": 1,
    "use_tag_embeddings_in_parser": 1,
    "parser_lstm_hidden_size": 400,
    "use_parser_lstm": 1,
    "use_step_mask": 0,
    "batch_size": 8,
    "save_model": false
}
Augmented train dataset from 240 to 112 samples.
Total parameters: 128876381
Trainable parameters: 19394141
{'tagger_results': {'P': 0.6946, 'R': 0.2877, 'F1': 0.4069}, 'parser_labeled_results': {'P': 0.0, 'R': 0.0, 'F1': 0.0}, 'parser_unlabeled_results': {'P': 0.0762, 'R': 0.005, 'F1': 0.0095}, 'epoch': 0}
Epoch: 0, current validation loss: 124.969 and Labeled precision: 0.0
{'tagger_results': {'P': 0.7005, 'R': 0.4396, 'F1': 0.5402}, 'parser_labeled_results': {'P': 0.0, 'R': 0.0, 'F1': 0.0}, 'parser_unlabeled_results': {'P': 0.0, 'R': 0.0, 'F1': 0.0}, 'epoch': 1}
Epoch: 1, current validation loss: 108.943 and Labeled precision: 0.0
{'tagger_results': {'P': 0.6794, 'R': 0.4934, 'F1': 0.5717}, 'parser_labeled_results': {'P': 0.0, 'R': 0.0, 'F1': 0.0}, 'parser_unlabeled_results': {'P': 0.1667, 'R': 0.0006, 'F1': 0.0013}, 'epoch': 2}
Epoch: 2, current validation loss: 104.425 and Labeled precision: 0.0
{'tagger_results': {'P': 0.6941, 'R': 0.5698, 'F1': 0.6258}, 'parser_labeled_results': {'P': 0.0408, 'R': 0.0309, 'F1': 0.0352}, 'parser_unlabeled_results': {'P': 0.0617, 'R': 0.0467, 'F1': 0.0531}, 'epoch': 3}
Epoch: 3, current validation loss: 98.564 and Labeled precision: 0.0408
{'tagger_results': {'P': 0.7286, 'R': 0.575, 'F1': 0.6427}, 'parser_labeled_results': {'P': 0.0348, 'R': 0.0076, 'F1': 0.0124}, 'parser_unlabeled_results': {'P': 0.0551, 'R': 0.012, 'F1': 0.0197}, 'epoch': 4}
Epoch: 4, current validation loss: 93.122 and Labeled precision: 0.0348
{'tagger_results': {'P': 0.7042, 'R': 0.5679, 'F1': 0.6288}, 'parser_labeled_results': {'P': 0.0264, 'R': 0.0076, 'F1': 0.0118}, 'parser_unlabeled_results': {'P': 0.0551, 'R': 0.0158, 'F1': 0.0245}, 'epoch': 5}
Epoch: 5, current validation loss: 90.591 and Labeled precision: 0.0264
{'tagger_results': {'P': 0.7239, 'R': 0.5061, 'F1': 0.5957}, 'parser_labeled_results': {'P': 0.0, 'R': 0.0, 'F1': 0.0}, 'parser_unlabeled_results': {'P': 0.0, 'R': 0.0, 'F1': 0.0}, 'epoch': 6}
Epoch: 6, current validation loss: 100.802 and Labeled precision: 0.0
{'tagger_results': {'P': 0.6917, 'R': 0.6204, 'F1': 0.6542}, 'parser_labeled_results': {'P': 0.0452, 'R': 0.0177, 'F1': 0.0254}, 'parser_unlabeled_results': {'P': 0.0597, 'R': 0.0233, 'F1': 0.0335}, 'epoch': 7}
Epoch: 7, current validation loss: 88.343 and Labeled precision: 0.0452
{'tagger_results': {'P': 0.7122, 'R': 0.5253, 'F1': 0.6046}, 'parser_labeled_results': {'P': 0.0757, 'R': 0.0183, 'F1': 0.0295}, 'parser_unlabeled_results': {'P': 0.1123, 'R': 0.0271, 'F1': 0.0437}, 'epoch': 8}
Epoch: 8, current validation loss: 88.626 and Labeled precision: 0.0757
{'tagger_results': {'P': 0.6933, 'R': 0.5825, 'F1': 0.6331}, 'parser_labeled_results': {'P': 0.2099, 'R': 0.0107, 'F1': 0.0204}, 'parser_unlabeled_results': {'P': 0.2222, 'R': 0.0113, 'F1': 0.0216}, 'epoch': 9}
Epoch: 9, current validation loss: 91.786 and Labeled precision: 0.2099
{'tagger_results': {'P': 0.6878, 'R': 0.6401, 'F1': 0.6631}, 'parser_labeled_results': {'P': 0.1494, 'R': 0.0145, 'F1': 0.0264}, 'parser_unlabeled_results': {'P': 0.1818, 'R': 0.0177, 'F1': 0.0322}, 'epoch': 10}
Epoch: 10, current validation loss: 88.758 and Labeled precision: 0.1494
{'tagger_results': {'P': 0.6775, 'R': 0.6378, 'F1': 0.657}, 'parser_labeled_results': {'P': 0.0986, 'R': 0.0259, 'F1': 0.041}, 'parser_unlabeled_results': {'P': 0.1394, 'R': 0.0366, 'F1': 0.0579}, 'epoch': 11}
Epoch: 11, current validation loss: 87.704 and Labeled precision: 0.0986
{'tagger_results': {'P': 0.6885, 'R': 0.6214, 'F1': 0.6532}, 'parser_labeled_results': {'P': 0.0743, 'R': 0.0366, 'F1': 0.049}, 'parser_unlabeled_results': {'P': 0.1127, 'R': 0.0555, 'F1': 0.0744}, 'epoch': 12}
Epoch: 12, current validation loss: 86.832 and Labeled precision: 0.0743
{'tagger_results': {'P': 0.6933, 'R': 0.5042, 'F1': 0.5838}, 'parser_labeled_results': {'P': 0.0703, 'R': 0.0145, 'F1': 0.024}, 'parser_unlabeled_results': {'P': 0.1162, 'R': 0.024, 'F1': 0.0397}, 'epoch': 13}
Epoch: 13, current validation loss: 89.662 and Labeled precision: 0.0703
{'tagger_results': {'P': 0.7193, 'R': 0.5248, 'F1': 0.6069}, 'parser_labeled_results': {'P': 0.1181, 'R': 0.0485, 'F1': 0.0688}, 'parser_unlabeled_results': {'P': 0.1534, 'R': 0.0631, 'F1': 0.0894}, 'epoch': 14}
Epoch: 14, current validation loss: 88.494 and Labeled precision: 0.1181
{'tagger_results': {'P': 0.7503, 'R': 0.5956, 'F1': 0.6641}, 'parser_labeled_results': {'P': 0.1016, 'R': 0.024, 'F1': 0.0388}, 'parser_unlabeled_results': {'P': 0.1337, 'R': 0.0315, 'F1': 0.051}, 'epoch': 15}
Epoch: 15, current validation loss: 86.293 and Labeled precision: 0.1016
{'tagger_results': {'P': 0.7024, 'R': 0.6073, 'F1': 0.6514}, 'parser_labeled_results': {'P': 0.084, 'R': 0.0416, 'F1': 0.0556}, 'parser_unlabeled_results': {'P': 0.1145, 'R': 0.0567, 'F1': 0.0759}, 'epoch': 16}
Epoch: 16, current validation loss: 84.23 and Labeled precision: 0.084
{'tagger_results': {'P': 0.7053, 'R': 0.5956, 'F1': 0.6458}, 'parser_labeled_results': {'P': 0.1086, 'R': 0.0523, 'F1': 0.0706}, 'parser_unlabeled_results': {'P': 0.1466, 'R': 0.0706, 'F1': 0.0953}, 'epoch': 17}
Epoch: 17, current validation loss: 86.005 and Labeled precision: 0.1086
{'tagger_results': {'P': 0.7012, 'R': 0.6401, 'F1': 0.6693}, 'parser_labeled_results': {'P': 0.1416, 'R': 0.0517, 'F1': 0.0758}, 'parser_unlabeled_results': {'P': 0.1848, 'R': 0.0675, 'F1': 0.0988}, 'epoch': 18}
Epoch: 18, current validation loss: 90.457 and Labeled precision: 0.1416
{'tagger_results': {'P': 0.713, 'R': 0.5914, 'F1': 0.6465}, 'parser_labeled_results': {'P': 0.1315, 'R': 0.0637, 'F1': 0.0858}, 'parser_unlabeled_results': {'P': 0.1732, 'R': 0.0839, 'F1': 0.113}, 'epoch': 19}
Epoch: 19, current validation loss: 84.767 and Labeled precision: 0.1315
{'tagger_results': {'P': 0.6835, 'R': 0.5717, 'F1': 0.6226}, 'parser_labeled_results': {'P': 0.1408, 'R': 0.0738, 'F1': 0.0968}, 'parser_unlabeled_results': {'P': 0.1865, 'R': 0.0977, 'F1': 0.1283}, 'epoch': 20}
Epoch: 20, current validation loss: 84.23 and Labeled precision: 0.1408
{'tagger_results': {'P': 0.6813, 'R': 0.515, 'F1': 0.5866}, 'parser_labeled_results': {'P': 0.1269, 'R': 0.0807, 'F1': 0.0987}, 'parser_unlabeled_results': {'P': 0.1685, 'R': 0.1072, 'F1': 0.131}, 'epoch': 21}
Epoch: 21, current validation loss: 85.17 and Labeled precision: 0.1269
{'tagger_results': {'P': 0.7421, 'R': 0.5853, 'F1': 0.6544}, 'parser_labeled_results': {'P': 0.1664, 'R': 0.1154, 'F1': 0.1363}, 'parser_unlabeled_results': {'P': 0.21, 'R': 0.1456, 'F1': 0.172}, 'epoch': 22}
Epoch: 22, current validation loss: 83.061 and Labeled precision: 0.1664
{'tagger_results': {'P': 0.7315, 'R': 0.522, 'F1': 0.6092}, 'parser_labeled_results': {'P': 0.1609, 'R': 0.1047, 'F1': 0.1268}, 'parser_unlabeled_results': {'P': 0.1977, 'R': 0.1286, 'F1': 0.1558}, 'epoch': 23}
Epoch: 23, current validation loss: 86.987 and Labeled precision: 0.1609
{'tagger_results': {'P': 0.7148, 'R': 0.5848, 'F1': 0.6433}, 'parser_labeled_results': {'P': 0.1257, 'R': 0.0927, 'F1': 0.1067}, 'parser_unlabeled_results': {'P': 0.1702, 'R': 0.1255, 'F1': 0.1445}, 'epoch': 24}
Epoch: 24, current validation loss: 87.958 and Labeled precision: 0.1257
{'tagger_results': {'P': 0.731, 'R': 0.582, 'F1': 0.6481}, 'parser_labeled_results': {'P': 0.1668, 'R': 0.1299, 'F1': 0.146}, 'parser_unlabeled_results': {'P': 0.2211, 'R': 0.1721, 'F1': 0.1935}, 'epoch': 25}
Epoch: 25, current validation loss: 86.16 and Labeled precision: 0.1668
{'tagger_results': {'P': 0.7016, 'R': 0.5904, 'F1': 0.6412}, 'parser_labeled_results': {'P': 0.1801, 'R': 0.1406, 'F1': 0.1579}, 'parser_unlabeled_results': {'P': 0.2205, 'R': 0.1721, 'F1': 0.1933}, 'epoch': 26}
Epoch: 26, current validation loss: 86.29 and Labeled precision: 0.1801
{'tagger_results': {'P': 0.7646, 'R': 0.3121, 'F1': 0.4433}, 'parser_labeled_results': {'P': 0.1941, 'R': 0.1242, 'F1': 0.1515}, 'parser_unlabeled_results': {'P': 0.2374, 'R': 0.152, 'F1': 0.1853}, 'epoch': 27}
Epoch: 27, current validation loss: 86.537 and Labeled precision: 0.1941
{'tagger_results': {'P': 0.7101, 'R': 0.6003, 'F1': 0.6506}, 'parser_labeled_results': {'P': 0.2128, 'R': 0.1507, 'F1': 0.1764}, 'parser_unlabeled_results': {'P': 0.268, 'R': 0.1898, 'F1': 0.2222}, 'epoch': 28}
Epoch: 28, current validation loss: 85.42 and Labeled precision: 0.2128
{'tagger_results': {'P': 0.7175, 'R': 0.4986, 'F1': 0.5883}, 'parser_labeled_results': {'P': 0.2206, 'R': 0.1538, 'F1': 0.1813}, 'parser_unlabeled_results': {'P': 0.2944, 'R': 0.2049, 'F1': 0.2416}, 'epoch': 29}
Epoch: 29, current validation loss: 85.415 and Labeled precision: 0.2206
