Current custom config:

 {
    "train_file_graphs": "data/train.json",
    "val_file_graphs": "data/val.json",
    "test_file_graphs": "data/test.json",
    "test_ignore_edge_dep": [
        "root",
        "-"
    ],
    "shuffle": {
        "train": 0,
        "val": 0,
        "test": 0
    },
    "only_use_biggest_graph": {
        "train": 0,
        "val": 0,
        "test": 0
    },
    "biggest_graph_threshold": 0,
    "augment_splits": {
        "train": 1,
        "val": 0,
        "test": 0
    },
    "augment_k": {
        "train": 1,
        "val": 0,
        "test": 0
    },
    "keep_og": 0,
    "rep_mode": "words",
    "use_bert_positional_embeddings": 1,
    "use_tagger_lstm": 1,
    "use_tag_embeddings_in_parser": 1,
    "parser_lstm_hidden_size": 400,
    "use_parser_lstm": 1,
    "use_step_mask": 0,
    "batch_size": 8,
    "save_model": false
}
Augmented train dataset from 240 to 112 samples.
Total parameters: 128876381
Trainable parameters: 19394141
{'tagger_results': {'P': 0.5883, 'R': 0.5216, 'F1': 0.5529}, 'parser_labeled_results': {'P': 0.004, 'R': 0.0006, 'F1': 0.0011}, 'parser_unlabeled_results': {'P': 0.025, 'R': 0.0139, 'F1': 0.0178}, 'epoch': 0}
{'tagger_results': {'P': 0.6477, 'R': 0.6082, 'F1': 0.6274}, 'parser_labeled_results': {'P': 0.0194, 'R': 0.0177, 'F1': 0.0185}, 'parser_unlabeled_results': {'P': 0.0376, 'R': 0.034, 'F1': 0.0357}, 'epoch': 1}
{'tagger_results': {'P': 0.6654, 'R': 0.6392, 'F1': 0.652}, 'parser_labeled_results': {'P': 0.0196, 'R': 0.0038, 'F1': 0.0063}, 'parser_unlabeled_results': {'P': 0.0327, 'R': 0.0063, 'F1': 0.0106}, 'epoch': 2}
{'tagger_results': {'P': 0.6733, 'R': 0.6382, 'F1': 0.6553}, 'parser_labeled_results': {'P': 0.0647, 'R': 0.0511, 'F1': 0.0571}, 'parser_unlabeled_results': {'P': 0.0864, 'R': 0.0681, 'F1': 0.0762}, 'epoch': 3}
{'tagger_results': {'P': 0.6825, 'R': 0.6336, 'F1': 0.6571}, 'parser_labeled_results': {'P': 0.0904, 'R': 0.0485, 'F1': 0.0632}, 'parser_unlabeled_results': {'P': 0.1045, 'R': 0.0561, 'F1': 0.073}, 'epoch': 4}
{'tagger_results': {'P': 0.6634, 'R': 0.642, 'F1': 0.6525}, 'parser_labeled_results': {'P': 0.0729, 'R': 0.0618, 'F1': 0.0669}, 'parser_unlabeled_results': {'P': 0.09, 'R': 0.0763, 'F1': 0.0826}, 'epoch': 5}
{'tagger_results': {'P': 0.6741, 'R': 0.664, 'F1': 0.669}, 'parser_labeled_results': {'P': 0.117, 'R': 0.0776, 'F1': 0.0933}, 'parser_unlabeled_results': {'P': 0.1408, 'R': 0.0933, 'F1': 0.1122}, 'epoch': 6}
{'tagger_results': {'P': 0.6889, 'R': 0.6528, 'F1': 0.6704}, 'parser_labeled_results': {'P': 0.124, 'R': 0.0933, 'F1': 0.1065}, 'parser_unlabeled_results': {'P': 0.1625, 'R': 0.1217, 'F1': 0.1391}, 'epoch': 7}
{'tagger_results': {'P': 0.6724, 'R': 0.6626, 'F1': 0.6675}, 'parser_labeled_results': {'P': 0.1382, 'R': 0.1236, 'F1': 0.1305}, 'parser_unlabeled_results': {'P': 0.1827, 'R': 0.1633, 'F1': 0.1724}, 'epoch': 8}
{'tagger_results': {'P': 0.682, 'R': 0.6654, 'F1': 0.6736}, 'parser_labeled_results': {'P': 0.1893, 'R': 0.1671, 'F1': 0.1775}, 'parser_unlabeled_results': {'P': 0.24, 'R': 0.2119, 'F1': 0.2251}, 'epoch': 9}
{'tagger_results': {'P': 0.6878, 'R': 0.6495, 'F1': 0.6681}, 'parser_labeled_results': {'P': 0.2229, 'R': 0.1961, 'F1': 0.2087}, 'parser_unlabeled_results': {'P': 0.2746, 'R': 0.2415, 'F1': 0.257}, 'epoch': 10}
{'tagger_results': {'P': 0.6901, 'R': 0.6762, 'F1': 0.6831}, 'parser_labeled_results': {'P': 0.2331, 'R': 0.2106, 'F1': 0.2213}, 'parser_unlabeled_results': {'P': 0.2896, 'R': 0.2617, 'F1': 0.2749}, 'epoch': 11}
{'tagger_results': {'P': 0.6992, 'R': 0.6818, 'F1': 0.6904}, 'parser_labeled_results': {'P': 0.3061, 'R': 0.2692, 'F1': 0.2865}, 'parser_unlabeled_results': {'P': 0.3835, 'R': 0.3373, 'F1': 0.3589}, 'epoch': 12}
{'tagger_results': {'P': 0.6734, 'R': 0.6851, 'F1': 0.6792}, 'parser_labeled_results': {'P': 0.3201, 'R': 0.2736, 'F1': 0.295}, 'parser_unlabeled_results': {'P': 0.3857, 'R': 0.3298, 'F1': 0.3555}, 'epoch': 13}
{'tagger_results': {'P': 0.6807, 'R': 0.6762, 'F1': 0.6784}, 'parser_labeled_results': {'P': 0.3279, 'R': 0.3045, 'F1': 0.3158}, 'parser_unlabeled_results': {'P': 0.4209, 'R': 0.3909, 'F1': 0.4054}, 'epoch': 14}
{'tagger_results': {'P': 0.6937, 'R': 0.6771, 'F1': 0.6853}, 'parser_labeled_results': {'P': 0.3893, 'R': 0.3159, 'F1': 0.3488}, 'parser_unlabeled_results': {'P': 0.4825, 'R': 0.3916, 'F1': 0.4323}, 'epoch': 15}
{'tagger_results': {'P': 0.7014, 'R': 0.6846, 'F1': 0.6929}, 'parser_labeled_results': {'P': 0.3837, 'R': 0.3537, 'F1': 0.3681}, 'parser_unlabeled_results': {'P': 0.4815, 'R': 0.4439, 'F1': 0.4619}, 'epoch': 16}
{'tagger_results': {'P': 0.693, 'R': 0.6874, 'F1': 0.6902}, 'parser_labeled_results': {'P': 0.4198, 'R': 0.401, 'F1': 0.4102}, 'parser_unlabeled_results': {'P': 0.5142, 'R': 0.4912, 'F1': 0.5024}, 'epoch': 17}
{'tagger_results': {'P': 0.7005, 'R': 0.6818, 'F1': 0.691}, 'parser_labeled_results': {'P': 0.4192, 'R': 0.3859, 'F1': 0.4018}, 'parser_unlabeled_results': {'P': 0.5192, 'R': 0.4779, 'F1': 0.4977}, 'epoch': 18}
{'tagger_results': {'P': 0.6833, 'R': 0.6753, 'F1': 0.6792}, 'parser_labeled_results': {'P': 0.4441, 'R': 0.4105, 'F1': 0.4266}, 'parser_unlabeled_results': {'P': 0.5443, 'R': 0.5032, 'F1': 0.5229}, 'epoch': 19}
{'tagger_results': {'P': 0.7032, 'R': 0.6617, 'F1': 0.6818}, 'parser_labeled_results': {'P': 0.4621, 'R': 0.43, 'F1': 0.4455}, 'parser_unlabeled_results': {'P': 0.5752, 'R': 0.5353, 'F1': 0.5545}, 'epoch': 20}
{'tagger_results': {'P': 0.695, 'R': 0.6865, 'F1': 0.6907}, 'parser_labeled_results': {'P': 0.4809, 'R': 0.4515, 'F1': 0.4657}, 'parser_unlabeled_results': {'P': 0.5809, 'R': 0.5454, 'F1': 0.5626}, 'epoch': 21}
{'tagger_results': {'P': 0.6839, 'R': 0.671, 'F1': 0.6774}, 'parser_labeled_results': {'P': 0.4646, 'R': 0.4508, 'F1': 0.4576}, 'parser_unlabeled_results': {'P': 0.564, 'R': 0.5473, 'F1': 0.5555}, 'epoch': 22}
{'tagger_results': {'P': 0.6919, 'R': 0.6776, 'F1': 0.6847}, 'parser_labeled_results': {'P': 0.4768, 'R': 0.4464, 'F1': 0.4611}, 'parser_unlabeled_results': {'P': 0.602, 'R': 0.5637, 'F1': 0.5822}, 'epoch': 23}
{'tagger_results': {'P': 0.7012, 'R': 0.6842, 'F1': 0.6926}, 'parser_labeled_results': {'P': 0.4772, 'R': 0.4546, 'F1': 0.4656}, 'parser_unlabeled_results': {'P': 0.5983, 'R': 0.57, 'F1': 0.5838}, 'epoch': 24}
{'tagger_results': {'P': 0.6938, 'R': 0.687, 'F1': 0.6904}, 'parser_labeled_results': {'P': 0.5073, 'R': 0.4805, 'F1': 0.4935}, 'parser_unlabeled_results': {'P': 0.6372, 'R': 0.6034, 'F1': 0.6198}, 'epoch': 25}
{'tagger_results': {'P': 0.6933, 'R': 0.6832, 'F1': 0.6882}, 'parser_labeled_results': {'P': 0.4638, 'R': 0.4401, 'F1': 0.4516}, 'parser_unlabeled_results': {'P': 0.5907, 'R': 0.5605, 'F1': 0.5752}, 'epoch': 26}
{'tagger_results': {'P': 0.6934, 'R': 0.6879, 'F1': 0.6907}, 'parser_labeled_results': {'P': 0.4879, 'R': 0.459, 'F1': 0.473}, 'parser_unlabeled_results': {'P': 0.6079, 'R': 0.5719, 'F1': 0.5893}, 'epoch': 27}
{'tagger_results': {'P': 0.6976, 'R': 0.6842, 'F1': 0.6908}, 'parser_labeled_results': {'P': 0.5238, 'R': 0.4786, 'F1': 0.5002}, 'parser_unlabeled_results': {'P': 0.6542, 'R': 0.5977, 'F1': 0.6247}, 'epoch': 28}
{'tagger_results': {'P': 0.7058, 'R': 0.6926, 'F1': 0.6991}, 'parser_labeled_results': {'P': 0.5206, 'R': 0.4849, 'F1': 0.5021}, 'parser_unlabeled_results': {'P': 0.631, 'R': 0.5876, 'F1': 0.6086}, 'epoch': 29}
